thelia/core:dev-master
thelia/setup:dev-master
thelia/config:dev-master
thelia/frontoffice-default-template:dev-master
thelia/backoffice-default-template:dev-master
thelia/email-default-template:dev-master
thelia/pdf-default-template:dev-master
thelia/smarty-module:dev-master
thelia/front-module:dev-master
thelia/virtual-product-control-module:dev-master
thelia/virtual-product-delivery-module:dev-master
thelia/tinymce-module:dev-master
thelia/colissimo-module:dev-master
thelia/cheque-module:dev-master
thelia/hook-lang-module:dev-master
thelia/hook-search-module:dev-master
thelia/hook-currency-module:dev-master
thelia/hook-products-new-module:dev-master
thelia/hook-analytics-module:dev-master
thelia/hook-links-module:dev-master
thelia/hook-social-module:dev-master
thelia/hook-cart-module:dev-master
thelia/hook-navigation-module:dev-master
thelia/hook-contact-module:dev-master
thelia/hook-customer-module:dev-master
thelia/hook-products-offer-module:dev-master
thelia/hook-newsletter-module:dev-master
thelia/carousel-module:dev-master
thelia/free-order-module:dev-master
thelia/thelia-migrate-country-module:dev-master
thelia/hook-admin-home-module:dev-master
